2024-06-26 09:31:53,122 - custom_logger - INFO - Custom logger module initialized.
2024-06-26 09:31:54,295 - custom_logger - INFO - Parent folder: C:\Users\lenov\OneDrive\Documents\wine_quality
2024-06-26 09:31:54,295 - custom_logger - INFO - >>>>> stage Data Ingestion stage started <<<<<
2024-06-26 09:31:54,295 - custom_logger - INFO - yaml file: src\config.yaml loaded successfully
2024-06-26 09:31:54,295 - custom_logger - INFO - yaml file: src\models\params.yaml loaded successfully
2024-06-26 09:31:54,295 - custom_logger - INFO - yaml file: src\data\schema.yaml loaded successfully
2024-06-26 09:31:54,295 - custom_logger - INFO - created directory at: data/raw
2024-06-26 09:31:56,442 - custom_logger - INFO - data/raw/data.zip download! With following info: 
Connection: close
Content-Length: 23329
Cache-Control: max-age=300
Content-Security-Policy: default-src 'none'; style-src 'unsafe-inline'; sandbox
Content-Type: application/zip
ETag: "c69888a4ae59bc5a893392785a938ccd4937981c06ba8a9d6a21aa52b4ab5b6e"
Strict-Transport-Security: max-age=31536000
X-Content-Type-Options: nosniff
X-Frame-Options: deny
X-XSS-Protection: 1; mode=block
X-GitHub-Request-Id: 5134:2EE21C:D011BD:DAFD95:667BC3E9
Accept-Ranges: bytes
Date: Wed, 26 Jun 2024 07:31:54 GMT
Via: 1.1 varnish
X-Served-By: cache-par-lfpg1960055-PAR
X-Cache: MISS
X-Cache-Hits: 0
X-Timer: S1719387114.012083,VS0,VE165
Vary: Authorization,Accept-Encoding,Origin
Access-Control-Allow-Origin: *
Cross-Origin-Resource-Policy: cross-origin
X-Fastly-Request-ID: c9a5fdc338ec98b0ec193099bd8d01516b7bcd4e
Expires: Wed, 26 Jun 2024 07:36:54 GMT
Source-Age: 0


2024-06-26 09:31:56,448 - custom_logger - INFO - >>>>> stage Data Ingestion stage completed <<<<<

x=======x
2024-06-26 09:34:08,972 - custom_logger - INFO - Custom logger module initialized.
2024-06-26 09:34:09,563 - custom_logger - INFO - Parent folder: C:\Users\lenov\OneDrive\Documents\wine_quality
2024-06-26 09:34:09,563 - custom_logger - INFO - >>>>> stage Data Ingestion stage started <<<<<
2024-06-26 09:34:09,563 - custom_logger - INFO - yaml file: src\config.yaml loaded successfully
2024-06-26 09:34:09,563 - custom_logger - INFO - yaml file: src\models\params.yaml loaded successfully
2024-06-26 09:34:09,572 - custom_logger - INFO - yaml file: src\data\schema.yaml loaded successfully
2024-06-26 09:34:09,572 - custom_logger - INFO - created directory at: data/raw
2024-06-26 09:34:09,572 - custom_logger - INFO - File already exists.
2024-06-26 09:34:09,578 - custom_logger - INFO - >>>>> stage Data Ingestion stage completed <<<<<

x=======x
2024-06-26 15:03:40,827 - custom_logger - INFO - Custom logger module initialized.
2024-06-26 15:04:37,163 - custom_logger - INFO - yaml file: src\config.yaml loaded successfully
2024-06-26 15:04:37,164 - custom_logger - INFO - yaml file: src\models\params.yaml loaded successfully
2024-06-26 15:04:37,166 - custom_logger - INFO - yaml file: src\data\schema.yaml loaded successfully
2024-06-26 15:04:37,167 - custom_logger - INFO - created directory at: data/raw
2024-06-26 15:05:33,678 - custom_logger - INFO - yaml file: src\config.yaml loaded successfully
2024-06-26 15:05:33,679 - custom_logger - INFO - yaml file: src\models\params.yaml loaded successfully
2024-06-26 15:05:33,681 - custom_logger - INFO - yaml file: src\data\schema.yaml loaded successfully
2024-06-26 15:05:33,683 - custom_logger - INFO - created directory at: data/raw
2024-06-26 15:05:33,683 - custom_logger - INFO - File already exists.
2024-06-27 15:47:59,157 - custom_logger - INFO - Custom logger module initialized.
2024-06-27 15:48:02,427 - custom_logger - INFO - >>>>> stage Data Validation stage started <<<<<
2024-06-27 15:48:02,427 - custom_logger - INFO - yaml file: src\config.yaml loaded successfully
2024-06-27 15:48:02,441 - custom_logger - INFO - yaml file: src\models\params.yaml loaded successfully
2024-06-27 15:48:02,443 - custom_logger - INFO - yaml file: src\data\schema.yaml loaded successfully
2024-06-27 15:48:02,443 - custom_logger - INFO - created directory at: data
2024-06-27 15:48:02,443 - custom_logger - ERROR - "'ConfigBox' object has no attribute 'unzip_data_dir'"
Traceback (most recent call last):
  File "c:\Users\lenov\OneDrive\Documents\wine_quality\wq_env\Lib\site-packages\box\box.py", line 503, in __getitem__
    return super().__getitem__(item)
           ^^^^^^^^^^^^^^^^^^^^^^^^^
KeyError: 'unzip_data_dir'

The above exception was the direct cause of the following exception:

Traceback (most recent call last):
  File "c:\Users\lenov\OneDrive\Documents\wine_quality\wq_env\Lib\site-packages\box\box.py", line 536, in __getattr__
    value = self.__getitem__(item, _ignore_default=True)
            ^^^^^^^^^^^^^^^^^^^^^^^^^^^^^^^^^^^^^^^^^^^^
  File "c:\Users\lenov\OneDrive\Documents\wine_quality\wq_env\Lib\site-packages\box\box.py", line 524, in __getitem__
    raise BoxKeyError(str(err)) from _exception_cause(err)
box.exceptions.BoxKeyError: "'unzip_data_dir'"

During handling of the above exception, another exception occurred:

Traceback (most recent call last):
  File "c:\Users\lenov\OneDrive\Documents\wine_quality\wq_env\Lib\site-packages\box\box.py", line 538, in __getattr__
    value = object.__getattribute__(self, item)
            ^^^^^^^^^^^^^^^^^^^^^^^^^^^^^^^^^^^
AttributeError: 'ConfigBox' object has no attribute 'unzip_data_dir'

The above exception was the direct cause of the following exception:

Traceback (most recent call last):
  File "c:\Users\lenov\OneDrive\Documents\wine_quality\wq_env\Lib\site-packages\box\config_box.py", line 28, in __getattr__
    return super().__getattr__(item)
           ^^^^^^^^^^^^^^^^^^^^^^^^^
  File "c:\Users\lenov\OneDrive\Documents\wine_quality\wq_env\Lib\site-packages\box\box.py", line 552, in __getattr__
    raise BoxKeyError(str(err)) from _exception_cause(err)
box.exceptions.BoxKeyError: "'ConfigBox' object has no attribute 'unzip_data_dir'"

During handling of the above exception, another exception occurred:

Traceback (most recent call last):
  File "c:\Users\lenov\OneDrive\Documents\wine_quality\wq_env\Lib\site-packages\box\box.py", line 503, in __getitem__
    return super().__getitem__(item)
           ^^^^^^^^^^^^^^^^^^^^^^^^^
KeyError: 'unzip_data_dir'

The above exception was the direct cause of the following exception:

Traceback (most recent call last):
  File "c:\Users\lenov\OneDrive\Documents\wine_quality\wq_env\Lib\site-packages\box\box.py", line 536, in __getattr__
    value = self.__getitem__(item, _ignore_default=True)
            ^^^^^^^^^^^^^^^^^^^^^^^^^^^^^^^^^^^^^^^^^^^^
  File "c:\Users\lenov\OneDrive\Documents\wine_quality\wq_env\Lib\site-packages\box\box.py", line 524, in __getitem__
    raise BoxKeyError(str(err)) from _exception_cause(err)
box.exceptions.BoxKeyError: "'unzip_data_dir'"

During handling of the above exception, another exception occurred:

Traceback (most recent call last):
  File "c:\Users\lenov\OneDrive\Documents\wine_quality\wq_env\Lib\site-packages\box\box.py", line 538, in __getattr__
    value = object.__getattribute__(self, item)
            ^^^^^^^^^^^^^^^^^^^^^^^^^^^^^^^^^^^
AttributeError: 'ConfigBox' object has no attribute 'unzip_data_dir'

The above exception was the direct cause of the following exception:

Traceback (most recent call last):
  File "C:\Users\lenov\OneDrive\Documents\wine_quality\src\pipeline\stage02_data_validation.py", line 28, in <module>
    obj.main()
  File "C:\Users\lenov\OneDrive\Documents\wine_quality\src\pipeline\stage02_data_validation.py", line 20, in main
    data_validation_config = config.get_data_validation_config()
                             ^^^^^^^^^^^^^^^^^^^^^^^^^^^^^^^^^^^
  File "C:\Users\lenov\OneDrive\Documents\wine_quality\src\config_manager.py", line 44, in get_data_validation_config
    unzip_data_dir = config.unzip_data_dir,
                     ^^^^^^^^^^^^^^^^^^^^^
  File "c:\Users\lenov\OneDrive\Documents\wine_quality\wq_env\Lib\site-packages\box\config_box.py", line 30, in __getattr__
    return super().__getattr__(item.lower())
           ^^^^^^^^^^^^^^^^^^^^^^^^^^^^^^^^^
  File "c:\Users\lenov\OneDrive\Documents\wine_quality\wq_env\Lib\site-packages\box\box.py", line 552, in __getattr__
    raise BoxKeyError(str(err)) from _exception_cause(err)
box.exceptions.BoxKeyError: "'ConfigBox' object has no attribute 'unzip_data_dir'"
2024-06-27 15:52:35,533 - custom_logger - INFO - Custom logger module initialized.
2024-06-27 15:52:37,302 - custom_logger - INFO - >>>>> stage Data Validation stage started <<<<<
2024-06-27 15:52:37,311 - custom_logger - INFO - yaml file: src\config.yaml loaded successfully
2024-06-27 15:52:37,312 - custom_logger - INFO - yaml file: src\models\params.yaml loaded successfully
2024-06-27 15:52:37,314 - custom_logger - INFO - yaml file: src\data\schema.yaml loaded successfully
2024-06-27 15:52:37,316 - custom_logger - INFO - created directory at: data
2024-06-27 15:52:37,321 - custom_logger - ERROR - [Errno 2] No such file or directory: 'data/raw/wine_quality.csv'
Traceback (most recent call last):
  File "C:\Users\lenov\OneDrive\Documents\wine_quality\src\pipeline\stage02_data_validation.py", line 28, in <module>
    obj.main()
  File "C:\Users\lenov\OneDrive\Documents\wine_quality\src\pipeline\stage02_data_validation.py", line 22, in main
    data_validation.validate_all_columns()
  File "C:\Users\lenov\OneDrive\Documents\wine_quality\src\data\data_validation.py", line 27, in validate_all_columns
    raise e
  File "C:\Users\lenov\OneDrive\Documents\wine_quality\src\data\data_validation.py", line 11, in validate_all_columns
    data = pd.read_csv(self.config.unzip_data_dir)
           ^^^^^^^^^^^^^^^^^^^^^^^^^^^^^^^^^^^^^^^
  File "c:\Users\lenov\OneDrive\Documents\wine_quality\wq_env\Lib\site-packages\pandas\io\parsers\readers.py", line 1026, in read_csv
    return _read(filepath_or_buffer, kwds)
           ^^^^^^^^^^^^^^^^^^^^^^^^^^^^^^^
  File "c:\Users\lenov\OneDrive\Documents\wine_quality\wq_env\Lib\site-packages\pandas\io\parsers\readers.py", line 620, in _read
    parser = TextFileReader(filepath_or_buffer, **kwds)
             ^^^^^^^^^^^^^^^^^^^^^^^^^^^^^^^^^^^^^^^^^^
  File "c:\Users\lenov\OneDrive\Documents\wine_quality\wq_env\Lib\site-packages\pandas\io\parsers\readers.py", line 1620, in __init__
    self._engine = self._make_engine(f, self.engine)
                   ^^^^^^^^^^^^^^^^^^^^^^^^^^^^^^^^^
  File "c:\Users\lenov\OneDrive\Documents\wine_quality\wq_env\Lib\site-packages\pandas\io\parsers\readers.py", line 1880, in _make_engine
    self.handles = get_handle(
                   ^^^^^^^^^^^
  File "c:\Users\lenov\OneDrive\Documents\wine_quality\wq_env\Lib\site-packages\pandas\io\common.py", line 873, in get_handle
    handle = open(
             ^^^^^
FileNotFoundError: [Errno 2] No such file or directory: 'data/raw/wine_quality.csv'
2024-06-27 15:54:52,219 - custom_logger - INFO - Custom logger module initialized.
2024-06-27 15:54:52,920 - custom_logger - INFO - Parent folder: C:\Users\lenov\OneDrive\Documents\wine_quality
2024-06-27 15:54:52,920 - custom_logger - INFO - >>>>> stage Data Ingestion stage started <<<<<
2024-06-27 15:54:52,920 - custom_logger - INFO - yaml file: src\config.yaml loaded successfully
2024-06-27 15:54:52,944 - custom_logger - INFO - yaml file: src\models\params.yaml loaded successfully
2024-06-27 15:54:52,944 - custom_logger - INFO - yaml file: src\data\schema.yaml loaded successfully
2024-06-27 15:54:52,944 - custom_logger - INFO - created directory at: data/raw
2024-06-27 15:54:52,944 - custom_logger - INFO - File already exists.
2024-06-27 15:54:52,976 - custom_logger - INFO - >>>>> stage Data Ingestion stage completed <<<<<

x=======x
2024-06-27 15:54:53,854 - custom_logger - INFO - Custom logger module initialized.
2024-06-27 15:54:55,641 - custom_logger - INFO - >>>>> stage Data Validation stage started <<<<<
2024-06-27 15:54:55,648 - custom_logger - INFO - yaml file: src\config.yaml loaded successfully
2024-06-27 15:54:55,648 - custom_logger - INFO - yaml file: src\models\params.yaml loaded successfully
2024-06-27 15:54:55,648 - custom_logger - INFO - yaml file: src\data\schema.yaml loaded successfully
2024-06-27 15:54:55,648 - custom_logger - INFO - created directory at: data
2024-06-27 15:54:55,735 - custom_logger - INFO - >>>>> stage Data Validation stage completed <<<<<

x=======x
2024-06-27 16:05:18,175 - custom_logger - INFO - Custom logger module initialized.
2024-06-27 16:05:24,849 - custom_logger - INFO - >>>>> stage Data Transformation stage started <<<<<
2024-06-27 16:05:24,851 - custom_logger - INFO - >>>>> stage Data Transformation stage completed <<<<<

x=======x
2024-06-27 16:06:06,104 - custom_logger - INFO - Custom logger module initialized.
2024-06-27 16:06:07,960 - custom_logger - INFO - >>>>> stage Data Transformation stage started <<<<<
2024-06-27 16:06:07,964 - custom_logger - INFO - yaml file: src\config.yaml loaded successfully
2024-06-27 16:06:07,964 - custom_logger - INFO - yaml file: src\models\params.yaml loaded successfully
2024-06-27 16:06:07,966 - custom_logger - INFO - yaml file: src\data\schema.yaml loaded successfully
2024-06-27 16:06:07,966 - custom_logger - INFO - created directory at: data/processed
2024-06-27 16:06:07,969 - custom_logger - INFO - >>>>> stage Data Transformation stage completed <<<<<

x=======x
2024-06-27 16:08:04,739 - custom_logger - INFO - Custom logger module initialized.
2024-06-27 16:08:06,582 - custom_logger - INFO - >>>>> stage Data Transformation stage started <<<<<
2024-06-27 16:08:06,585 - custom_logger - INFO - yaml file: src\config.yaml loaded successfully
2024-06-27 16:08:06,585 - custom_logger - INFO - yaml file: src\models\params.yaml loaded successfully
2024-06-27 16:08:06,586 - custom_logger - INFO - yaml file: src\data\schema.yaml loaded successfully
2024-06-27 16:08:06,587 - custom_logger - INFO - created directory at: data/processed
2024-06-27 16:08:06,589 - custom_logger - INFO - >>>>> stage Data Transformation stage completed <<<<<

x=======x
2024-06-27 16:09:08,967 - custom_logger - INFO - Custom logger module initialized.
2024-06-27 16:09:10,478 - custom_logger - INFO - >>>>> stage Data Transformation stage started <<<<<
2024-06-27 16:09:10,480 - custom_logger - INFO - yaml file: src\config.yaml loaded successfully
2024-06-27 16:09:10,481 - custom_logger - INFO - yaml file: src\models\params.yaml loaded successfully
2024-06-27 16:09:10,482 - custom_logger - INFO - yaml file: src\data\schema.yaml loaded successfully
2024-06-27 16:09:10,482 - custom_logger - INFO - created directory at: data/processed
2024-06-27 16:09:10,483 - custom_logger - INFO - >>>>> stage Data Transformation stage completed <<<<<

x=======x
2024-06-27 16:09:57,584 - custom_logger - INFO - Custom logger module initialized.
2024-06-27 16:09:59,149 - custom_logger - INFO - >>>>> stage Data Transformation stage started <<<<<
2024-06-27 16:09:59,152 - custom_logger - INFO - yaml file: src\config.yaml loaded successfully
2024-06-27 16:09:59,153 - custom_logger - INFO - yaml file: src\models\params.yaml loaded successfully
2024-06-27 16:09:59,154 - custom_logger - INFO - yaml file: src\data\schema.yaml loaded successfully
2024-06-27 16:09:59,154 - custom_logger - INFO - created directory at: data/processed
2024-06-27 16:09:59,156 - custom_logger - INFO - >>>>> stage Data Transformation stage completed <<<<<

x=======x
2024-06-27 16:11:54,535 - custom_logger - INFO - Custom logger module initialized.
2024-06-27 16:11:57,578 - custom_logger - INFO - >>>>> stage Data Transformation stage started <<<<<
2024-06-27 16:11:57,580 - custom_logger - INFO - yaml file: src\config.yaml loaded successfully
2024-06-27 16:11:57,582 - custom_logger - INFO - yaml file: src\models\params.yaml loaded successfully
2024-06-27 16:11:57,585 - custom_logger - INFO - yaml file: src\data\schema.yaml loaded successfully
2024-06-27 16:11:57,585 - custom_logger - INFO - created directory at: data/processed
2024-06-27 16:11:57,643 - custom_logger - INFO - Splitted data into training and test sets
2024-06-27 16:11:57,643 - custom_logger - INFO - X_train shape: (1279, 11), y_train shape: (1279,)
2024-06-27 16:11:57,643 - custom_logger - INFO - X_test shape: (320, 11), y_test shape: (320,)
2024-06-27 16:11:57,644 - custom_logger - INFO - >>>>> stage Data Transformation stage completed <<<<<

x=======x
2024-06-27 16:12:09,380 - custom_logger - INFO - Custom logger module initialized.
2024-06-27 16:12:10,391 - custom_logger - INFO - Parent folder: C:\Users\lenov\OneDrive\Documents\wine_quality
2024-06-27 16:12:10,391 - custom_logger - INFO - >>>>> stage Data Ingestion stage started <<<<<
2024-06-27 16:12:10,397 - custom_logger - INFO - yaml file: src\config.yaml loaded successfully
2024-06-27 16:12:10,402 - custom_logger - INFO - yaml file: src\models\params.yaml loaded successfully
2024-06-27 16:12:10,406 - custom_logger - INFO - yaml file: src\data\schema.yaml loaded successfully
2024-06-27 16:12:10,407 - custom_logger - INFO - created directory at: data/raw
2024-06-27 16:12:10,407 - custom_logger - INFO - File already exists.
2024-06-27 16:12:10,415 - custom_logger - INFO - >>>>> stage Data Ingestion stage completed <<<<<

x=======x
2024-06-27 16:12:11,410 - custom_logger - INFO - Custom logger module initialized.
2024-06-27 16:12:12,838 - custom_logger - INFO - >>>>> stage Data Validation stage started <<<<<
2024-06-27 16:12:12,838 - custom_logger - INFO - yaml file: src\config.yaml loaded successfully
2024-06-27 16:12:12,838 - custom_logger - INFO - yaml file: src\models\params.yaml loaded successfully
2024-06-27 16:12:12,851 - custom_logger - INFO - yaml file: src\data\schema.yaml loaded successfully
2024-06-27 16:12:12,852 - custom_logger - INFO - created directory at: data
2024-06-27 16:12:12,875 - custom_logger - INFO - >>>>> stage Data Validation stage completed <<<<<

x=======x
2024-06-27 16:12:13,953 - custom_logger - INFO - Custom logger module initialized.
2024-06-27 16:12:17,880 - custom_logger - INFO - >>>>> stage Data Transformation stage started <<<<<
2024-06-27 16:12:17,886 - custom_logger - INFO - yaml file: src\config.yaml loaded successfully
2024-06-27 16:12:17,886 - custom_logger - INFO - yaml file: src\models\params.yaml loaded successfully
2024-06-27 16:12:17,886 - custom_logger - INFO - yaml file: src\data\schema.yaml loaded successfully
2024-06-27 16:12:17,886 - custom_logger - INFO - created directory at: data/processed
2024-06-27 16:12:17,928 - custom_logger - INFO - Splitted data into training and test sets
2024-06-27 16:12:17,928 - custom_logger - INFO - X_train shape: (1279, 11), y_train shape: (1279,)
2024-06-27 16:12:17,928 - custom_logger - INFO - X_test shape: (320, 11), y_test shape: (320,)
2024-06-27 16:12:17,928 - custom_logger - INFO - >>>>> stage Data Transformation stage completed <<<<<

x=======x
2024-06-27 16:14:52,760 - custom_logger - INFO - Custom logger module initialized.
2024-06-27 16:14:54,151 - custom_logger - INFO - >>>>> stage Data Validation stage started <<<<<
2024-06-27 16:14:54,153 - custom_logger - INFO - yaml file: src\config.yaml loaded successfully
2024-06-27 16:14:54,154 - custom_logger - INFO - yaml file: src\models\params.yaml loaded successfully
2024-06-27 16:14:54,155 - custom_logger - INFO - yaml file: src\data\schema.yaml loaded successfully
2024-06-27 16:14:54,155 - custom_logger - INFO - created directory at: data
2024-06-27 16:14:54,173 - custom_logger - INFO - >>>>> stage Data Validation stage completed <<<<<

x=======x
2024-06-27 16:14:55,678 - custom_logger - INFO - Custom logger module initialized.
2024-06-27 16:14:59,510 - custom_logger - INFO - >>>>> stage Data Transformation stage started <<<<<
2024-06-27 16:14:59,510 - custom_logger - INFO - yaml file: src\config.yaml loaded successfully
2024-06-27 16:14:59,510 - custom_logger - INFO - yaml file: src\models\params.yaml loaded successfully
2024-06-27 16:14:59,510 - custom_logger - INFO - yaml file: src\data\schema.yaml loaded successfully
2024-06-27 16:14:59,510 - custom_logger - INFO - created directory at: data/processed
2024-06-27 16:14:59,561 - custom_logger - INFO - Splitted data into training and test sets
2024-06-27 16:14:59,561 - custom_logger - INFO - X_train shape: (1279, 11), y_train shape: (1279,)
2024-06-27 16:14:59,561 - custom_logger - INFO - X_test shape: (320, 11), y_test shape: (320,)
2024-06-27 16:14:59,562 - custom_logger - INFO - >>>>> stage Data Transformation stage completed <<<<<

x=======x
2024-06-27 16:26:16,789 - custom_logger - INFO - Custom logger module initialized.
2024-06-27 16:26:21,210 - custom_logger - INFO - >>>>> stage Model trainer stage started <<<<<
2024-06-27 16:26:21,212 - custom_logger - INFO - yaml file: src\config.yaml loaded successfully
2024-06-27 16:26:21,213 - custom_logger - INFO - yaml file: src\models\params.yaml loaded successfully
2024-06-27 16:26:21,214 - custom_logger - INFO - yaml file: src\data\schema.yaml loaded successfully
2024-06-27 16:26:21,214 - custom_logger - INFO - created directory at: models
2024-06-27 16:26:21,214 - custom_logger - ERROR - 'ModelTrainerConfig' object has no attribute 'train_X_path'
Traceback (most recent call last):
  File "C:\Users\lenov\OneDrive\Documents\wine_quality\src\pipeline\stage04_model_trainer.py", line 28, in <module>
    obj.main()
  File "C:\Users\lenov\OneDrive\Documents\wine_quality\src\pipeline\stage04_model_trainer.py", line 22, in main
    model_trainer.train()
  File "C:\Users\lenov\OneDrive\Documents\wine_quality\src\models\model_trainer.py", line 12, in train
    X_train = pd.read_csv(self.config.train_X_path)
                          ^^^^^^^^^^^^^^^^^^^^^^^^
AttributeError: 'ModelTrainerConfig' object has no attribute 'train_X_path'
2024-06-27 16:27:36,097 - custom_logger - INFO - Custom logger module initialized.
2024-06-27 16:27:38,267 - custom_logger - INFO - >>>>> stage Model trainer stage started <<<<<
2024-06-27 16:27:38,270 - custom_logger - INFO - yaml file: src\config.yaml loaded successfully
2024-06-27 16:27:38,273 - custom_logger - INFO - yaml file: src\models\params.yaml loaded successfully
2024-06-27 16:27:38,275 - custom_logger - INFO - yaml file: src\data\schema.yaml loaded successfully
2024-06-27 16:27:38,277 - custom_logger - INFO - created directory at: models
2024-06-27 16:27:38,386 - custom_logger - ERROR - Found input variables with inconsistent numbers of samples: [1279, 320]
Traceback (most recent call last):
  File "C:\Users\lenov\OneDrive\Documents\wine_quality\src\pipeline\stage04_model_trainer.py", line 28, in <module>
    obj.main()
  File "C:\Users\lenov\OneDrive\Documents\wine_quality\src\pipeline\stage04_model_trainer.py", line 22, in main
    model_trainer.train()
  File "C:\Users\lenov\OneDrive\Documents\wine_quality\src\models\model_trainer.py", line 16, in train
    lr.fit(X_train, y_train)
  File "c:\Users\lenov\OneDrive\Documents\wine_quality\wq_env\Lib\site-packages\sklearn\base.py", line 1473, in wrapper
    return fit_method(estimator, *args, **kwargs)
           ^^^^^^^^^^^^^^^^^^^^^^^^^^^^^^^^^^^^^^
  File "c:\Users\lenov\OneDrive\Documents\wine_quality\wq_env\Lib\site-packages\sklearn\linear_model\_coordinate_descent.py", line 980, in fit
    X, y = self._validate_data(
           ^^^^^^^^^^^^^^^^^^^^
  File "c:\Users\lenov\OneDrive\Documents\wine_quality\wq_env\Lib\site-packages\sklearn\base.py", line 650, in _validate_data
    X, y = check_X_y(X, y, **check_params)
           ^^^^^^^^^^^^^^^^^^^^^^^^^^^^^^^
  File "c:\Users\lenov\OneDrive\Documents\wine_quality\wq_env\Lib\site-packages\sklearn\utils\validation.py", line 1291, in check_X_y
    check_consistent_length(X, y)
  File "c:\Users\lenov\OneDrive\Documents\wine_quality\wq_env\Lib\site-packages\sklearn\utils\validation.py", line 460, in check_consistent_length
    raise ValueError(
ValueError: Found input variables with inconsistent numbers of samples: [1279, 320]
2024-06-27 16:29:40,839 - custom_logger - INFO - Custom logger module initialized.
2024-06-27 16:29:44,387 - custom_logger - INFO - >>>>> stage Model trainer stage started <<<<<
2024-06-27 16:29:44,399 - custom_logger - INFO - yaml file: src\config.yaml loaded successfully
2024-06-27 16:29:44,400 - custom_logger - INFO - yaml file: src\models\params.yaml loaded successfully
2024-06-27 16:29:44,404 - custom_logger - INFO - yaml file: src\data\schema.yaml loaded successfully
2024-06-27 16:29:44,406 - custom_logger - INFO - created directory at: models
2024-06-27 16:29:44,448 - custom_logger - ERROR - Found input variables with inconsistent numbers of samples: [1279, 320]
Traceback (most recent call last):
  File "C:\Users\lenov\OneDrive\Documents\wine_quality\src\pipeline\stage04_model_trainer.py", line 28, in <module>
    obj.main()
  File "C:\Users\lenov\OneDrive\Documents\wine_quality\src\pipeline\stage04_model_trainer.py", line 22, in main
    model_trainer.train()
  File "C:\Users\lenov\OneDrive\Documents\wine_quality\src\models\model_trainer.py", line 16, in train
    lr.fit(X_train, y_train)
  File "c:\Users\lenov\OneDrive\Documents\wine_quality\wq_env\Lib\site-packages\sklearn\base.py", line 1473, in wrapper
    return fit_method(estimator, *args, **kwargs)
           ^^^^^^^^^^^^^^^^^^^^^^^^^^^^^^^^^^^^^^
  File "c:\Users\lenov\OneDrive\Documents\wine_quality\wq_env\Lib\site-packages\sklearn\linear_model\_coordinate_descent.py", line 980, in fit
    X, y = self._validate_data(
           ^^^^^^^^^^^^^^^^^^^^
  File "c:\Users\lenov\OneDrive\Documents\wine_quality\wq_env\Lib\site-packages\sklearn\base.py", line 650, in _validate_data
    X, y = check_X_y(X, y, **check_params)
           ^^^^^^^^^^^^^^^^^^^^^^^^^^^^^^^
  File "c:\Users\lenov\OneDrive\Documents\wine_quality\wq_env\Lib\site-packages\sklearn\utils\validation.py", line 1291, in check_X_y
    check_consistent_length(X, y)
  File "c:\Users\lenov\OneDrive\Documents\wine_quality\wq_env\Lib\site-packages\sklearn\utils\validation.py", line 460, in check_consistent_length
    raise ValueError(
ValueError: Found input variables with inconsistent numbers of samples: [1279, 320]
2024-06-27 16:30:29,328 - custom_logger - INFO - Custom logger module initialized.
2024-06-27 16:30:29,756 - custom_logger - INFO - Parent folder: C:\Users\lenov\OneDrive\Documents\wine_quality
2024-06-27 16:30:29,756 - custom_logger - INFO - >>>>> stage Data Ingestion stage started <<<<<
2024-06-27 16:30:29,758 - custom_logger - INFO - yaml file: src\config.yaml loaded successfully
2024-06-27 16:30:29,759 - custom_logger - INFO - yaml file: src\models\params.yaml loaded successfully
2024-06-27 16:30:29,760 - custom_logger - INFO - yaml file: src\data\schema.yaml loaded successfully
2024-06-27 16:30:29,760 - custom_logger - INFO - created directory at: data/raw
2024-06-27 16:30:31,719 - custom_logger - INFO - data/raw/data.zip download! With following info: 
Connection: close
Content-Length: 23329
Cache-Control: max-age=300
Content-Security-Policy: default-src 'none'; style-src 'unsafe-inline'; sandbox
Content-Type: application/zip
ETag: "c69888a4ae59bc5a893392785a938ccd4937981c06ba8a9d6a21aa52b4ab5b6e"
Strict-Transport-Security: max-age=31536000
X-Content-Type-Options: nosniff
X-Frame-Options: deny
X-XSS-Protection: 1; mode=block
X-GitHub-Request-Id: A4EB:3486FC:8BF417:92E910:667D7787
Accept-Ranges: bytes
Date: Thu, 27 Jun 2024 14:30:32 GMT
Via: 1.1 varnish
X-Served-By: cache-par-lfpg1960020-PAR
X-Cache: MISS
X-Cache-Hits: 0
X-Timer: S1719498632.851758,VS0,VE162
Vary: Authorization,Accept-Encoding,Origin
Access-Control-Allow-Origin: *
Cross-Origin-Resource-Policy: cross-origin
X-Fastly-Request-ID: c20082467264c3343f1c6f226689ba380c4181ac
Expires: Thu, 27 Jun 2024 14:35:32 GMT
Source-Age: 0


2024-06-27 16:30:31,751 - custom_logger - INFO - >>>>> stage Data Ingestion stage completed <<<<<

x=======x
2024-06-27 16:30:32,535 - custom_logger - INFO - Custom logger module initialized.
2024-06-27 16:30:34,324 - custom_logger - INFO - >>>>> stage Data Validation stage started <<<<<
2024-06-27 16:30:34,327 - custom_logger - INFO - yaml file: src\config.yaml loaded successfully
2024-06-27 16:30:34,328 - custom_logger - INFO - yaml file: src\models\params.yaml loaded successfully
2024-06-27 16:30:34,338 - custom_logger - INFO - yaml file: src\data\schema.yaml loaded successfully
2024-06-27 16:30:34,338 - custom_logger - INFO - created directory at: data
2024-06-27 16:30:34,372 - custom_logger - INFO - >>>>> stage Data Validation stage completed <<<<<

x=======x
2024-06-27 16:30:36,321 - custom_logger - INFO - Custom logger module initialized.
2024-06-27 16:30:39,223 - custom_logger - INFO - >>>>> stage Data Transformation stage started <<<<<
2024-06-27 16:30:39,231 - custom_logger - INFO - yaml file: src\config.yaml loaded successfully
2024-06-27 16:30:39,233 - custom_logger - INFO - yaml file: src\models\params.yaml loaded successfully
2024-06-27 16:30:39,237 - custom_logger - INFO - yaml file: src\data\schema.yaml loaded successfully
2024-06-27 16:30:39,237 - custom_logger - INFO - created directory at: data/processed
2024-06-27 16:30:39,298 - custom_logger - INFO - Splitted data into training and test sets
2024-06-27 16:30:39,300 - custom_logger - INFO - X_train shape: (1279, 11), y_train shape: (1279,)
2024-06-27 16:30:39,300 - custom_logger - INFO - X_test shape: (320, 11), y_test shape: (320,)
2024-06-27 16:30:39,304 - custom_logger - INFO - >>>>> stage Data Transformation stage completed <<<<<

x=======x
2024-06-27 16:30:40,620 - custom_logger - INFO - Custom logger module initialized.
2024-06-27 16:30:44,659 - custom_logger - INFO - >>>>> stage Model trainer stage started <<<<<
2024-06-27 16:30:44,662 - custom_logger - INFO - yaml file: src\config.yaml loaded successfully
2024-06-27 16:30:44,664 - custom_logger - INFO - yaml file: src\models\params.yaml loaded successfully
2024-06-27 16:30:44,668 - custom_logger - INFO - yaml file: src\data\schema.yaml loaded successfully
2024-06-27 16:30:44,670 - custom_logger - INFO - created directory at: models
2024-06-27 16:30:44,711 - custom_logger - ERROR - Found input variables with inconsistent numbers of samples: [1279, 320]
Traceback (most recent call last):
  File "C:\Users\lenov\OneDrive\Documents\wine_quality\src\pipeline\stage04_model_trainer.py", line 28, in <module>
    obj.main()
  File "C:\Users\lenov\OneDrive\Documents\wine_quality\src\pipeline\stage04_model_trainer.py", line 22, in main
    model_trainer.train()
  File "C:\Users\lenov\OneDrive\Documents\wine_quality\src\models\model_trainer.py", line 16, in train
    lr.fit(X_train, y_train)
  File "c:\Users\lenov\OneDrive\Documents\wine_quality\wq_env\Lib\site-packages\sklearn\base.py", line 1473, in wrapper
    return fit_method(estimator, *args, **kwargs)
           ^^^^^^^^^^^^^^^^^^^^^^^^^^^^^^^^^^^^^^
  File "c:\Users\lenov\OneDrive\Documents\wine_quality\wq_env\Lib\site-packages\sklearn\linear_model\_coordinate_descent.py", line 980, in fit
    X, y = self._validate_data(
           ^^^^^^^^^^^^^^^^^^^^
  File "c:\Users\lenov\OneDrive\Documents\wine_quality\wq_env\Lib\site-packages\sklearn\base.py", line 650, in _validate_data
    X, y = check_X_y(X, y, **check_params)
           ^^^^^^^^^^^^^^^^^^^^^^^^^^^^^^^
  File "c:\Users\lenov\OneDrive\Documents\wine_quality\wq_env\Lib\site-packages\sklearn\utils\validation.py", line 1291, in check_X_y
    check_consistent_length(X, y)
  File "c:\Users\lenov\OneDrive\Documents\wine_quality\wq_env\Lib\site-packages\sklearn\utils\validation.py", line 460, in check_consistent_length
    raise ValueError(
ValueError: Found input variables with inconsistent numbers of samples: [1279, 320]
2024-06-27 16:31:54,056 - custom_logger - INFO - Custom logger module initialized.
2024-06-27 16:31:57,406 - custom_logger - INFO - >>>>> stage Model trainer stage started <<<<<
2024-06-27 16:31:57,409 - custom_logger - INFO - yaml file: src\config.yaml loaded successfully
2024-06-27 16:31:57,410 - custom_logger - INFO - yaml file: src\models\params.yaml loaded successfully
2024-06-27 16:31:57,412 - custom_logger - INFO - yaml file: src\data\schema.yaml loaded successfully
2024-06-27 16:31:57,412 - custom_logger - INFO - created directory at: models
2024-06-27 16:31:57,458 - custom_logger - INFO - >>>>> stage Model trainer stage completed <<<<< 

 x========x
